// 重构日志: 72a3983a
// 重构日志: 1719eff3
// 同步 ID: 43ea1385 @ Wed Jul 22 11:19:30 UTC 2026
// 重构日志: d35cd60f
// 同步 ID: fc0f3e44 @ Wed Jul 22 16:00:07 UTC 2026
// 重构日志: 3371379b
// 重构日志: 61bfdbb8
// 重构日志: c649cd3a
// 重构日志: 15426036
// 重构日志: b751b38f
// 重构日志: 034a39e2
// 重构日志: 1f152ecd
// 重构日志: 79618af0
// 同步 ID: af344f6e @ Fri Jul 24 12:55:15 UTC 2026
// 同步 ID: 0a9b1208 @ Sat Jul 25 05:13:08 UTC 2026
// 同步 ID: 783a2a76 @ Sat Jul 25 16:28:16 UTC 2026
// 同步 ID: a3564565 @ Sat Jul 25 16:52:10 UTC 2026
// 重构日志: 1c73b63f
// 同步 ID: 458a90a3 @ Sun Jul 26 14:26:27 UTC 2026
// 同步 ID: 9d88b16a @ Sun Jul 26 17:06:10 UTC 2026
// 重构日志: f92b503b
// 重构日志: ae30ae60
// 重构日志: 0f93c2db
// 同步 ID: 516faa96 @ Thu Jul 30 15:48:13 UTC 2026
// 重构日志: c4458d64
// 同步 ID: fa2d6a8f @ Sun Aug  2 08:45:49 UTC 2026
// 重构日志: 61cae14d
// 重构日志: b1e19bee
// 同步 ID: aeaf401e @ Sun Aug  2 15:57:28 UTC 2026
// 同步 ID: b5552e0a @ Mon Aug  3 09:18:12 UTC 2026
// 重构日志: a517117d
// 重构日志: 35b8ffe6
// 重构日志: 6283b94c
// 重构日志: ffc95b37
// 重构日志: b28756fc
// 重构日志: fa12105c
